// Vitest Snapshot v1, https://vitest.dev/guide/snapshot.html

exports[`EVM Constants > EDITOR_VOTING_STRATEGIES > whitelist > generateParams > should return the encoded value of the whitelist tree root 1`] = `
[
  "0x107aeb9f6cd74046422dc4138dd222efb6f0790d9e4e5e541fb00320e3866d49",
]
`;
