// Vitest Snapshot v1, https://vitest.dev/guide/snapshot.html

exports[`StarknetSig > should create propose envelope 1`] = `
{
  "data": {
    "authenticator": "0x213bb25044b189ccfda9882999dba32e011781dc11b2a6efa2b3d232824378e",
    "executionStrategy": {
      "addr": "0x040de235a2b53e921d37c2ea2b160750ca2e94f01d709f78f870963559de8fbe",
      "params": [
        "0x101",
      ],
    },
    "metadataUri": "ipfs://QmNrm6xKuib1THtWkiN5CKtBEerQCDpUtmgDqiaU2xDmca",
    "space": "0x06330d3e48f59f5411c201ee2e9e9ccdc738fb3bb192b0e77e4eda26fa1a22f8",
    "strategies": [
      {
        "address": "0x13bcbe7318fb8aa219d264dcf5916feb873e596389ba93d923f9a23378cb743",
        "index": 0,
      },
    ],
  },
  "signatureData": {
    "address": "0x7d2f37b75a5e779f7da01c22acee1b66c39e8ba470ee5448f05e1462afcedb4",
    "message": {
      "author": "0x7d2f37b75a5e779f7da01c22acee1b66c39e8ba470ee5448f05e1462afcedb4",
      "executionStrategy": {
        "address": "0x040de235a2b53e921d37c2ea2b160750ca2e94f01d709f78f870963559de8fbe",
        "params": [
          "0x101",
        ],
      },
      "metadataUri": [
        "0x697066733a2f2f516d4e726d36784b75696231544874576b694e35434b7442",
        "0x4565725143447055746d6744716961553278446d6361",
      ],
      "salt": "0x0",
      "space": "0x06330d3e48f59f5411c201ee2e9e9ccdc738fb3bb192b0e77e4eda26fa1a22f8",
      "userProposalValidationParams": [
        "0",
      ],
    },
    "primaryType": "Propose",
    "signature": [
      "0x7faa90924da8c43edec0109655f719aa06d597a97286d2a4844bc072bffdf3f",
      "0x2cd44c86f6f223ca5080c6f6092b93a9c932825b1b6a65e0515debcb22742ea",
    ],
  },
}
`;

exports[`StarknetSig > should create update proposal envelope 1`] = `
{
  "data": {
    "authenticator": "0x213bb25044b189ccfda9882999dba32e011781dc11b2a6efa2b3d232824378e",
    "executionStrategy": {
      "addr": "0x040de235a2b53e921d37c2ea2b160750ca2e94f01d709f78f870963559de8fbe",
      "params": [
        "0x101",
      ],
    },
    "metadataUri": "ipfs://QmNrm6xKuib1THtWkiN5CKtBEerQCDpUtmgDqiaU2xDmca",
    "proposal": 1,
    "space": "0x06330d3e48f59f5411c201ee2e9e9ccdc738fb3bb192b0e77e4eda26fa1a22f8",
  },
  "signatureData": {
    "address": "0x7d2f37b75a5e779f7da01c22acee1b66c39e8ba470ee5448f05e1462afcedb4",
    "message": {
      "author": "0x7d2f37b75a5e779f7da01c22acee1b66c39e8ba470ee5448f05e1462afcedb4",
      "executionStrategy": {
        "address": "0x040de235a2b53e921d37c2ea2b160750ca2e94f01d709f78f870963559de8fbe",
        "params": [
          "0x101",
        ],
      },
      "metadataUri": [
        "0x697066733a2f2f516d4e726d36784b75696231544874576b694e35434b7442",
        "0x4565725143447055746d6744716961553278446d6361",
      ],
      "proposalId": {
        "high": "0x0",
        "low": "0x1",
      },
      "salt": "0x0",
      "space": "0x06330d3e48f59f5411c201ee2e9e9ccdc738fb3bb192b0e77e4eda26fa1a22f8",
    },
    "primaryType": "UpdateProposal",
    "signature": [
      "0x66f624dd2dcbc81ab4f6aea08db63b902a72517e461a4fbe30c27cd5b775e9b",
      "0x28993ed0dd85c5ac3b5017978f4251b014bc7bd375a02048c1e032997f75700",
    ],
  },
}
`;

exports[`StarknetSig > should create vote envelope 1`] = `
{
  "data": {
    "authenticator": "0x213bb25044b189ccfda9882999dba32e011781dc11b2a6efa2b3d232824378e",
    "choice": 1,
    "metadataUri": "ipfs://QmNrm6xKuib1THtWkiN5CKtBEerQCDpUtmgDqiaU2xDmca",
    "proposal": 1,
    "space": "0x06330d3e48f59f5411c201ee2e9e9ccdc738fb3bb192b0e77e4eda26fa1a22f8",
    "strategies": [
      {
        "address": "0x13bcbe7318fb8aa219d264dcf5916feb873e596389ba93d923f9a23378cb743",
        "index": 0,
      },
    ],
  },
  "signatureData": {
    "address": "0x7d2f37b75a5e779f7da01c22acee1b66c39e8ba470ee5448f05e1462afcedb4",
    "message": {
      "choice": "0x1",
      "metadataUri": [
        "0x697066733a2f2f516d4e726d36784b75696231544874576b694e35434b7442",
        "0x4565725143447055746d6744716961553278446d6361",
      ],
      "proposalId": {
        "high": "0x0",
        "low": "0x1",
      },
      "space": "0x06330d3e48f59f5411c201ee2e9e9ccdc738fb3bb192b0e77e4eda26fa1a22f8",
      "userVotingStrategies": [],
      "voter": "0x7d2f37b75a5e779f7da01c22acee1b66c39e8ba470ee5448f05e1462afcedb4",
    },
    "primaryType": "Vote",
    "signature": [
      "0xd64cf8eb4218e6b47ab1756ab850b82b5bb9eec760c8cd0c1b68bb2ea597be",
      "0x56a47d37a6980a7f095ac54b5ce5108325333c7642234fc677423a59a027e38",
    ],
  },
}
`;
